Loading Sim5_topic_wizard_data.json...
Input size: 87,752 chars

Scenario prompt:

Acting as a consultant, students will develop a short executive summary recommending
how a fast food brand called "BurgerBlitz" should respond to its competitor's $1 menu.
They'll analyze the competi...

============================================================
STAGE 1: PARALLEL SHARD ADAPTATION (Gemini 3.0 Flash)
============================================================
[SIMPLE ADAPTER] Starting PARALLEL shard adaptation
[SIMPLE ADAPTER] Input size: 87752 chars
[SIMPLE ADAPTER] Scenario: 
Acting as a consultant, students will develop a short executive summary recommending
how a fast foo...
[SIMPLE ADAPTER] Using OPTION B: One upfront call, then ALL shards in parallel
Sharding JSON with 14 shard definitions
Created 14 shards, 123 total IDs extracted
[SIMPLE ADAPTER] 2 locked, 12 to adapt
[SIMPLE ADAPTER] Extracted 21 questions for inference map
[SIMPLE ADAPTER] STEP 0: Generating entity_map + domain_profile + adapted KLOs (ONE LLM call)...
[MAPS] Found entities: 3 names, 2 emails
[MAPS] Generating entity_map, domain_profile, AND adapted KLOs (Option B)...
[GEMINI] Starting API call with gemini-2.5-flash, prompt size: 8341 chars (~2085 tokens)
AFC is enabled with max remote calls: 10.
HTTP Request: POST https://generativelanguage.googleapis.com/v1beta/models/gemini-2.5-flash:generateContent "HTTP/1.1 200 OK"
[GEMINI] API call completed in 15.5s, response size: 3763 chars
[GEMINI] Complete JSON received after 0 continuations
[MAPS] Generated: 2 people, 2 roles, 22 term mappings, 3 forbidden terms, 3 KLOs
[MAPS] Numeric factsheet: 4 metrics, 4 financial, 3 market
[MAPS] People: ['Mark Caldwell', 'Taylor Morgan']
[MAPS] Roles: {'Chief Strategy Officer': 'Chief Strategy Officer', 'learner_role': 'Consultant'}
[MAPS] Terminology (first 20): {'$1 menu strategy': '$1 value menu strategy', 'HarvestBowls': 'BurgerBlitz', "Nature's Crust": 'ValueBites', 'fast-casual brand': 'fast food brand', 'fresh, organic, and wholesome menu': 'classic, affordable, and satisfying menu', 'healthy fast food sector': 'competitive fast food sector', 'quality ingredients and sustainability': 'speed, convenience, and consistent taste', 'declining foot traffic': 'decreasing customer visits', 'brand integrity': 'brand reputation', 'profitability': 'profit margins', 'market data': 'sales performance data', 'internal strengths': 'operational capabilities', 'values-driven strategy': 'market-responsive strategy', 'customer visits': 'customer traffic', 'loyal customer segments': 'core customer base', 'brand differentiation': 'competitive advantage', 'adjust pricing': 'price adjustments', 'launch new offerings': 'introduce new menu items', 'intensify marketing': 'enhance marketing campaigns', 'alternative growth tactics': 'diversify growth strategies'}
[MAPS] Forbidden terms: ['FreshTaste', 'HarvestBowls', "Nature's Crust"]
[MAPS] Factsheet metrics: {'annual_sales': '$85M', 'market_share': '12%', 'capacity': '300,000 meals/month', 'growth_rate': '6% YoY'}
[RAG] Using Pinecone backend (cloud)
[RAG] Pinecone client initialized
[RAG] Pinecone connected to index: simulation
[RAG] Pinecone indexed 12 facts
[RAG] Indexed 12 factsheet values for consistency
[SIMPLE ADAPTER] Upfront generation complete in 20.9s
[SIMPLE ADAPTER]   - Entity map: 2 people, 2 roles
[SIMPLE ADAPTER]   - Domain profile: 22 term mappings, 3 forbidden
[SIMPLE ADAPTER]   - Adapted KLOs: 3
[SIMPLE ADAPTER]   - Numeric factsheet: 4 metrics (indexed in RAG)
[SIMPLE ADAPTER]   KLO 1: Learners will be able to analyze the competitor's $1 value menu strategy by exam...
[SIMPLE ADAPTER]   KLO 2: Learners will be able to evaluate BurgerBlitz’s competitive position by reviewin...
[SIMPLE ADAPTER]   KLO 3: Learners will be able to recommend a strategic plan by comparing BurgerBlitz’s f...
[SIMPLE ADAPTER] Adapting ALL 12 shards in PARALLEL...
[SIMPLE ADAPTER] Processing ALL 12 unlocked shards in PARALLEL...
[SIMPLE ADAPTER] Shard IDs: ['lesson_information', 'assessment_criteria', 'selected_scenario', 'workplace_scenario', 'chat_history', 'simulation_flow', 'emails', 'rubrics', 'resources', 'launch_settings', 'videos', 'selected_avatar']
[SIMPLE ADAPTER] Processing shard 'lesson_information': content type=dict, keys=['lesson_information']
[SIMPLE ADAPTER] Shard 'lesson_information' NOT split (589 chars <= 20000), adapting as WHOLE
[SIMPLE ADAPTER] Processing shard 'assessment_criteria': content type=dict, keys=['assessment_criterion', 'selected_assessment_criterion']
[SIMPLE ADAPTER] Shard 'assessment_criteria' NOT split (4221 chars <= 20000), adapting as WHOLE
[SIMPLE ADAPTER] Processing shard 'selected_scenario': content type=dict, keys=['selected_scenario_option', 'scenario_description']
[SIMPLE ADAPTER] Shard 'selected_scenario' NOT split (534 chars <= 20000), adapting as WHOLE
[SIMPLE ADAPTER] Processing shard 'workplace_scenario': content type=dict, keys=['workplace_scenario']
[SIMPLE ADAPTER] Shard 'workplace_scenario' NOT split (3147 chars <= 20000), adapting as WHOLE
[SIMPLE ADAPTER] Processing shard 'chat_history': content type=dict, keys=['chat_history']
[SIMPLE ADAPTER] Shard 'chat_history' NOT split (251 chars <= 20000), adapting as WHOLE
[SIMPLE ADAPTER] Processing shard 'simulation_flow': content type=dict, keys=['simulation_flow']
[SIMPLE ADAPTER] SPLITTING nested array 'Simulation Flow (Stages).simulation_flow' (62868 chars, 4 items)
[SIMPLE ADAPTER]   -> Item 1 too large (45855), splitting by keys
[SIMPLE ADAPTER]     -> Subkey data large (44653), splitting deeper
[SIMPLE ADAPTER]     -> Batch 0 (9 fields, 7764 chars)
[SIMPLE ADAPTER]     -> Batch 1 (3 fields, 9688 chars)
[SIMPLE ADAPTER] Processing shard 'emails': content type=dict, keys=['emails', 'simulation_flow[*].data.task_email', 'simulation_flow[*].data.secondary_task_email']
[SIMPLE ADAPTER] Shard 'emails' NOT split (4886 chars <= 20000), adapting as WHOLE
[SIMPLE ADAPTER] Processing shard 'rubrics': content type=dict, keys=['rubric', 'simulation_flow[*].data.review.rubric', 'simulation_flow[*].data.review.tedo_align']
[SIMPLE ADAPTER] SPLITTING nested array 'Rubrics & Review.simulation_flow[*].data.review.rubric' (26592 chars, 2 items)
[SIMPLE ADAPTER] Processing shard 'resources': content type=dict, keys=['simulation_flow[*].data.resource', 'simulation_flow[*].data.resource_options']
[SIMPLE ADAPTER] Shard 'resources' in NEVER_SPLIT_SHARDS - ADAPTING as WHOLE (15814 chars)
[SIMPLE ADAPTER] Processing shard 'launch_settings': content type=dict, keys=['launch_settings', 'simulation_name', 'simulation_image', 'overview']
[SIMPLE ADAPTER] Shard 'launch_settings' NOT split (5772 chars <= 20000), adapting as WHOLE
[SIMPLE ADAPTER] Processing shard 'videos': content type=dict, keys=['videos', 'simulation_flow[*].children[*].data.video']
[SIMPLE ADAPTER] Shard 'videos' NOT split (3548 chars <= 20000), adapting as WHOLE
[SIMPLE ADAPTER] Processing shard 'selected_avatar': content type=dict, keys=['selected_avatar']
[SIMPLE ADAPTER] Shard 'selected_avatar' NOT split (127 chars <= 20000), adapting as WHOLE
[ADAPT SHARD] >>> START: lesson_information (589 chars)
[ADAPT SHARD] Calling Gemini (gemini-2.5-flash) for: lesson_information
[GEMINI] Starting API call with gemini-2.5-flash, prompt size: 13977 chars (~3494 tokens)
AFC is enabled with max remote calls: 10.
[ADAPT SHARD] >>> START: assessment_criteria (4221 chars)
[ADAPT SHARD] Calling Gemini (gemini-2.5-flash) for: assessment_criteria
[GEMINI] Starting API call with gemini-2.5-flash, prompt size: 18460 chars (~4615 tokens)
AFC is enabled with max remote calls: 10.
[ADAPT SHARD] >>> START: selected_scenario (534 chars)
[ADAPT SHARD] Calling Gemini (gemini-2.5-flash) for: selected_scenario
[GEMINI] Starting API call with gemini-2.5-flash, prompt size: 13917 chars (~3479 tokens)
AFC is enabled with max remote calls: 10.
[ADAPT SHARD] >>> START: workplace_scenario (3147 chars)
[ADAPT SHARD] Calling Gemini (gemini-2.5-flash) for: workplace_scenario
[GEMINI] Starting API call with gemini-2.5-flash, prompt size: 16645 chars (~4161 tokens)
AFC is enabled with max remote calls: 10.
[ADAPT SHARD] >>> START: chat_history (251 chars)
[ADAPT SHARD] Calling Gemini (gemini-2.5-flash) for: chat_history
[GEMINI] Starting API call with gemini-2.5-flash, prompt size: 13660 chars (~3415 tokens)
AFC is enabled with max remote calls: 10.
[ADAPT ITEM] >>> START: Simulation Flow (Stages).simulation_flow[0] (1489 chars)
[ADAPT ITEM] Calling Gemini (gemini-2.5-flash) for: Simulation Flow (Stages).simulation_flow[0]
[GEMINI] Starting API call with gemini-2.5-flash, prompt size: 14459 chars (~3614 tokens)
AFC is enabled with max remote calls: 10.
[ADAPT ITEM] >>> START: Simulation Flow (Stages).simulation_flow[1].data.review (16395 chars)
[ADAPT ITEM] Calling Gemini (gemini-2.5-flash) for: Simulation Flow (Stages).simulation_flow[1].data.review
[GEMINI] Starting API call with gemini-2.5-flash, prompt size: 31831 chars (~7957 tokens)
AFC is enabled with max remote calls: 10.
[ADAPT ITEM] >>> START: Simulation Flow (Stages).simulation_flow[1].data.resource (11650 chars)
[ADAPT ITEM] Calling Gemini (gemini-2.5-flash) for: Simulation Flow (Stages).simulation_flow[1].data.resource
[GEMINI] Starting API call with gemini-2.5-flash, prompt size: 24812 chars (~6203 tokens)
AFC is enabled with max remote calls: 10.
[ADAPT ITEM] >>> START: Simulation Flow (Stages).simulation_flow[1].batch_0 (7941 chars)
[ADAPT ITEM] Calling Gemini (gemini-2.5-flash) for: Simulation Flow (Stages).simulation_flow[1].batch_0
[GEMINI] Starting API call with gemini-2.5-flash, prompt size: 21756 chars (~5439 tokens)
AFC is enabled with max remote calls: 10.
[ADAPT ITEM] >>> START: Simulation Flow (Stages).simulation_flow[1].batch_1 (9764 chars)
[ADAPT ITEM] Calling Gemini (gemini-2.5-flash) for: Simulation Flow (Stages).simulation_flow[1].batch_1
[GEMINI] Starting API call with gemini-2.5-flash, prompt size: 23441 chars (~5860 tokens)
AFC is enabled with max remote calls: 10.
[ADAPT ITEM] >>> START: Simulation Flow (Stages).simulation_flow[2] (14028 chars)
[ADAPT ITEM] Calling Gemini (gemini-2.5-flash) for: Simulation Flow (Stages).simulation_flow[2]
[GEMINI] Starting API call with gemini-2.5-flash, prompt size: 33277 chars (~8319 tokens)
AFC is enabled with max remote calls: 10.
[ADAPT ITEM] >>> START: Simulation Flow (Stages).simulation_flow[3] (1488 chars)
[ADAPT ITEM] Calling Gemini (gemini-2.5-flash) for: Simulation Flow (Stages).simulation_flow[3]
[GEMINI] Starting API call with gemini-2.5-flash, prompt size: 14496 chars (~3624 tokens)
AFC is enabled with max remote calls: 10.
[ADAPT SHARD] >>> START: emails (4886 chars)
[ADAPT SHARD] Calling Gemini (gemini-2.5-flash) for: emails
[GEMINI] Starting API call with gemini-2.5-flash, prompt size: 18765 chars (~4691 tokens)
AFC is enabled with max remote calls: 10.
[ADAPT ITEM] >>> START: Rubrics & Review.simulation_flow[*].data.review.rubric[0] (14992 chars)
[ADAPT ITEM] Calling Gemini (gemini-2.5-flash) for: Rubrics & Review.simulation_flow[*].data.review.rubric[0]
[GEMINI] Starting API call with gemini-2.5-flash, prompt size: 29698 chars (~7424 tokens)
AFC is enabled with max remote calls: 10.
[ADAPT ITEM] >>> START: Rubrics & Review.simulation_flow[*].data.review.rubric[1] (11596 chars)
[ADAPT ITEM] Calling Gemini (gemini-2.5-flash) for: Rubrics & Review.simulation_flow[*].data.review.rubric[1]
[GEMINI] Starting API call with gemini-2.5-flash, prompt size: 28305 chars (~7076 tokens)
AFC is enabled with max remote calls: 10.
[ADAPT SHARD] >>> START: resources (15814 chars)
[ADAPT SHARD] >>> INFERENCE MAP: Passing 21 questions to resources shard
[RAG] Retrieved 10 facts from Pinecone
[ADAPT SHARD] >>> RAG: Retrieved 10 facts for resources
[ADAPT SHARD] Calling Gemini (gemini-2.5-flash) for: resources
[GEMINI] Starting API call with gemini-2.5-flash, prompt size: 32183 chars (~8045 tokens)
AFC is enabled with max remote calls: 10.
[ADAPT SHARD] >>> START: launch_settings (5772 chars)
[ADAPT SHARD] Calling Gemini (gemini-2.5-flash) for: launch_settings
[GEMINI] Starting API call with gemini-2.5-flash, prompt size: 19205 chars (~4801 tokens)
AFC is enabled with max remote calls: 10.
[ADAPT SHARD] >>> START: videos (3548 chars)
[ADAPT SHARD] Calling Gemini (gemini-2.5-flash) for: videos
[GEMINI] Starting API call with gemini-2.5-flash, prompt size: 18355 chars (~4588 tokens)
AFC is enabled with max remote calls: 10.
[ADAPT SHARD] >>> START: selected_avatar (127 chars)
[ADAPT SHARD] Calling Gemini (gemini-2.5-flash) for: selected_avatar
[GEMINI] Starting API call with gemini-2.5-flash, prompt size: 13507 chars (~3376 tokens)
AFC is enabled with max remote calls: 10.
HTTP Request: POST https://generativelanguage.googleapis.com/v1beta/models/gemini-2.5-flash:generateContent "HTTP/1.1 200 OK"
[GEMINI] API call completed in 15.2s, response size: 562 chars
[GEMINI] Complete JSON received after 0 continuations
[ADAPT SHARD] Gemini returned for: selected_scenario
[ADAPT SHARD] <<< DONE: selected_scenario (input=534, output=528)
HTTP Request: POST https://generativelanguage.googleapis.com/v1beta/models/gemini-2.5-flash:generateContent "HTTP/1.1 200 OK"
[GEMINI] API call completed in 7.4s, response size: 155 chars
[GEMINI] Complete JSON received after 0 continuations
[ADAPT SHARD] Gemini returned for: selected_avatar
[ADAPT SHARD] <<< DONE: selected_avatar (input=127, output=127)
HTTP Request: POST https://generativelanguage.googleapis.com/v1beta/models/gemini-2.5-flash:generateContent "HTTP/1.1 200 OK"
[GEMINI] API call completed in 18.5s, response size: 690 chars
[GEMINI] Complete JSON received after 0 continuations
[ADAPT SHARD] Gemini returned for: lesson_information
[ADAPT SHARD] <<< DONE: lesson_information (input=589, output=657)
HTTP Request: POST https://generativelanguage.googleapis.com/v1beta/models/gemini-2.5-flash:generateContent "HTTP/1.1 200 OK"
[GEMINI] API call completed in 14.6s, response size: 1999 chars
[GEMINI] Complete JSON received after 0 continuations
[ADAPT ITEM] Gemini returned for: Simulation Flow (Stages).simulation_flow[3]
[ADAPT ITEM] <<< DONE: Simulation Flow (Stages).simulation_flow[3] (input=1488, output=1639)
HTTP Request: POST https://generativelanguage.googleapis.com/v1beta/models/gemini-2.5-flash:generateContent "HTTP/1.1 200 OK"
[GEMINI] API call completed in 22.9s, response size: 1807 chars
[GEMINI] Complete JSON received after 0 continuations
[ADAPT ITEM] Gemini returned for: Simulation Flow (Stages).simulation_flow[0]
[ADAPT ITEM] <<< DONE: Simulation Flow (Stages).simulation_flow[0] (input=1489, output=1485)
HTTP Request: POST https://generativelanguage.googleapis.com/v1beta/models/gemini-2.5-flash:generateContent "HTTP/1.1 200 OK"
[GEMINI] API call completed in 24.7s, response size: 5155 chars
[GEMINI] Complete JSON received after 0 continuations
[ADAPT SHARD] Gemini returned for: assessment_criteria
[ADAPT SHARD] <<< DONE: assessment_criteria (input=4221, output=4279)
HTTP Request: POST https://generativelanguage.googleapis.com/v1beta/models/gemini-2.5-flash:generateContent "HTTP/1.1 200 OK"
[GEMINI] API call completed in 23.8s, response size: 3499 chars
[GEMINI] Complete JSON received after 0 continuations
[ADAPT SHARD] Gemini returned for: workplace_scenario
[ADAPT SHARD] <<< DONE: workplace_scenario (input=3147, output=3331)
HTTP Request: POST https://generativelanguage.googleapis.com/v1beta/models/gemini-2.5-flash:generateContent "HTTP/1.1 200 OK"
[GEMINI] API call completed in 23.6s, response size: 5537 chars
[GEMINI] Complete JSON received after 0 continuations
[ADAPT SHARD] Gemini returned for: emails
[ADAPT SHARD] <<< DONE: emails (input=4886, output=4991)
HTTP Request: POST https://generativelanguage.googleapis.com/v1beta/models/gemini-2.5-flash:generateContent "HTTP/1.1 200 OK"
[GEMINI] API call completed in 20.6s, response size: 4992 chars
[GEMINI] Complete JSON received after 0 continuations
[ADAPT SHARD] Gemini returned for: videos
[ADAPT SHARD] <<< DONE: videos (input=3548, output=3528)
HTTP Request: POST https://generativelanguage.googleapis.com/v1beta/models/gemini-2.5-flash:generateContent "HTTP/1.1 200 OK"
[GEMINI] API call completed in 33.5s, response size: 20709 chars
[GEMINI] Complete JSON received after 0 continuations
[ADAPT ITEM] Gemini returned for: Simulation Flow (Stages).simulation_flow[2]
[ADAPT ITEM] <<< DONE: Simulation Flow (Stages).simulation_flow[2] (input=14028, output=14108)
HTTP Request: POST https://generativelanguage.googleapis.com/v1beta/models/gemini-2.5-flash:generateContent "HTTP/1.1 200 OK"
[GEMINI] API call completed in 31.7s, response size: 15643 chars
[GEMINI] Complete JSON received after 0 continuations
[ADAPT ITEM] Gemini returned for: Rubrics & Review.simulation_flow[*].data.review.rubric[1]
[ADAPT ITEM] <<< DONE: Rubrics & Review.simulation_flow[*].data.review.rubric[1] (input=11596, output=11596)
HTTP Request: POST https://generativelanguage.googleapis.com/v1beta/models/gemini-2.5-flash:generateContent "HTTP/1.1 200 OK"
[GEMINI] API call completed in 32.0s, response size: 5996 chars
[GEMINI] Complete JSON received after 0 continuations
[ADAPT SHARD] Gemini returned for: launch_settings
[ADAPT SHARD] <<< DONE: launch_settings (input=5772, output=5890)
HTTP Request: POST https://generativelanguage.googleapis.com/v1beta/models/gemini-2.5-flash:generateContent "HTTP/1.1 200 OK"
[GEMINI] API call completed in 38.4s, response size: 17844 chars
[GEMINI] Complete JSON received after 0 continuations
[ADAPT ITEM] Gemini returned for: Rubrics & Review.simulation_flow[*].data.review.rubric[0]
[ADAPT ITEM] <<< DONE: Rubrics & Review.simulation_flow[*].data.review.rubric[0] (input=14992, output=15760)
HTTP Request: POST https://generativelanguage.googleapis.com/v1beta/models/gemini-2.5-flash:generateContent "HTTP/1.1 200 OK"
[GEMINI] API call completed in 44.0s, response size: 11545 chars
[GEMINI] Complete JSON received after 0 continuations
[ADAPT ITEM] Gemini returned for: Simulation Flow (Stages).simulation_flow[1].data.resource
[ADAPT ITEM] <<< DONE: Simulation Flow (Stages).simulation_flow[1].data.resource (input=11650, output=11752)
HTTP Request: POST https://generativelanguage.googleapis.com/v1beta/models/gemini-2.5-flash:generateContent "HTTP/1.1 200 OK"
[GEMINI] API call completed in 48.7s, response size: 19628 chars
[GEMINI] Complete JSON received after 0 continuations
[ADAPT ITEM] Gemini returned for: Simulation Flow (Stages).simulation_flow[1].data.review
[ADAPT ITEM] <<< DONE: Simulation Flow (Stages).simulation_flow[1].data.review (input=16395, output=17549)
HTTP Request: POST https://generativelanguage.googleapis.com/v1beta/models/gemini-2.5-flash:generateContent "HTTP/1.1 200 OK"
[GEMINI] API call completed in 52.7s, response size: 22477 chars
[GEMINI] Complete JSON received after 0 continuations
[ADAPT ITEM] Gemini returned for: Simulation Flow (Stages).simulation_flow[1].batch_0
[ADAPT ITEM] <<< DONE: Simulation Flow (Stages).simulation_flow[1].batch_0 (input=7941, output=22040)
HTTP Request: POST https://generativelanguage.googleapis.com/v1beta/models/gemini-2.5-flash:generateContent "HTTP/1.1 200 OK"
[GEMINI] API call completed in 55.7s, response size: 24891 chars
[GEMINI] Complete JSON received after 0 continuations
[ADAPT SHARD] Gemini returned for: chat_history
[ADAPT SHARD] <<< DONE: chat_history (input=251, output=23724)
HTTP Request: POST https://generativelanguage.googleapis.com/v1beta/models/gemini-2.5-flash:generateContent "HTTP/1.1 200 OK"
[GEMINI] API call completed in 53.8s, response size: 14908 chars
[GEMINI] Complete JSON received after 0 continuations
[ADAPT ITEM] Gemini returned for: Simulation Flow (Stages).simulation_flow[1].batch_1
[ADAPT ITEM] <<< DONE: Simulation Flow (Stages).simulation_flow[1].batch_1 (input=9764, output=14619)
HTTP Request: POST https://generativelanguage.googleapis.com/v1beta/models/gemini-2.5-flash:generateContent "HTTP/1.1 200 OK"
[GEMINI] API call completed in 52.7s, response size: 22822 chars
[GEMINI] Complete JSON received after 0 continuations
[ADAPT SHARD] Gemini returned for: resources
[ADAPT SHARD] <<< DONE: resources (input=15814, output=22643)
[SIMPLE ADAPTER] Reassembled batch_fields for [1]: 9/9 fields matched
[SIMPLE ADAPTER] Reassembled batch_fields for [1]: 3/3 fields matched
Merging shards back into JSON
[CLEANUP] Replaced leaked term 'FreshTaste' with 'BurgerBlitz'
[CLEANUP] Replaced leaked term 'HarvestBowls' with 'BurgerBlitz'
[POST-PROCESS] Cleaned 3 forbidden terms
[SIMPLE ADAPTER] Complete in 81828ms
[SIMPLE ADAPTER] Output size: 124615 chars
[SIMPLE ADAPTER] Shards processed: 12
Mode: parallel_shards
Time: 81828ms (82.1s)
Shards processed: 12

============================================================
STAGE 2: VALIDATION + REPAIR (GPT-4o)
============================================================
[V+R] Iteration 1/2
[VALIDATOR] Running all 8 agents in parallel...
[VALIDATOR] Stripped locked shards (scenarioOptions, workspaceIds)
[VALIDATOR] Running Domain Fidelity Agent...
[VALIDATOR] Running Context Fidelity Agent...
[VALIDATOR] Running Resource Quality Agent...
[VALIDATOR] Skipping minimal main resource at /simulation_flow/2/data/resource (0 chars)
[VALIDATOR] Found 1 main resources, 5 resource options
[VALIDATOR] Running KLO-Question Alignment Agent...
[VALIDATOR] Extracted 3 KLOs
[VALIDATOR] Found 6 questions, 3 KLOs
[VALIDATOR] Running Consistency Agent...
[VALIDATOR] Running Completeness Agent...
[VALIDATOR] Running KLO-Resource Alignment Agent...
[VALIDATOR] Running Question Solvability Agent...
HTTP Request: POST https://api.openai.com/v1/chat/completions "HTTP/1.1 200 OK"
[VALIDATOR] Consistency: 2 company vars, 2 manager vars, 1 issues = 80.0%
HTTP Request: POST https://api.openai.com/v1/chat/completions "HTTP/1.1 200 OK"
[VALIDATOR] Resource Quality: 1 main, 5 options checked, 1 issues, score=80.0%
[VALIDATOR]   -> Word count 1994 outside 800-1400 range
HTTP Request: POST https://api.openai.com/v1/chat/completions "HTTP/1.1 200 OK"
HTTP Request: POST https://api.openai.com/v1/chat/completions "HTTP/1.1 200 OK"
[VALIDATOR] Ignoring structural empty field: scenario_description
[VALIDATOR] Completeness: 3 issues, penalty=15%, score=85.0%
HTTP Request: POST https://api.openai.com/v1/chat/completions "HTTP/1.1 200 OK"
[VALIDATOR] KLO-Question: 6 questions, 1 issues = 83.3%
HTTP Request: POST https://api.openai.com/v1/chat/completions "HTTP/1.1 200 OK"
HTTP Request: POST https://api.openai.com/v1/chat/completions "HTTP/1.1 200 OK"
[VALIDATOR] KLO-Resource: 3 KLOs, 1 unsupported = 66.7%
HTTP Request: POST https://api.openai.com/v1/chat/completions "HTTP/1.1 200 OK"
[VALIDATOR] Solvability: 5 questions, 4 unsolvable = 20.0%
[VALIDATOR] Overall: 76.50%, Issues: 14, Passed: False
[V+R] Running specialized Resource Fixer for 1 issues
[RESOURCE FIXER] Fixing 1 MAIN resource quality issues...
[RESOURCE FIXER] Fixing resource at /simulation_flow/1/data/resource (1 issues)
[RESOURCE FIXER] Processing resource at /simulation_flow/1/data/resource (16284 chars)
HTTP Request: POST https://api.openai.com/v1/chat/completions "HTTP/1.1 200 OK"
[RESOURCE FIXER] Rewrote resource: 1994 -> 1034 words
[RESOURCE FIXER] Updated 'markdown_text' field
[V+R] Running generic repair for 13 other issues
[REPAIR] Fixing 13 issues with patches...
[REPAIR] Skipping 1 issues from KLO-Resource Alignment (needs regeneration, not patches)
[REPAIR] Skipping 4 issues from Question Solvability (needs regeneration, not patches)
HTTP Request: POST https://api.openai.com/v1/chat/completions "HTTP/1.1 200 OK"
[REPAIR] Applying 2 auto-generated patches from validators
[REPAIR] Protected 1 resource contents from string patches
[REPAIR] Applied string patch: 'AI-driven inventory management...' -> 'inventory management system / demand forecasting /...'
[REPAIR] Applied string patch: 'Sarah Jenkins...' -> 'David Chen...'
[REPAIR] Applied 2/2 string patches
[REPAIR] Restored 1 protected resource contents
[REPAIR] Applying 6 path-based patches
[REPAIR] Applied 6/6 path patches
[REPAIR] Applying 8 string-based patches
[REPAIR] Protected 1 resource contents from string patches
[REPAIR] Applied string patch: 'ValueBites...' -> 'the competitor...'
[REPAIR] Applied 1/8 string patches
[REPAIR] Restored 1 protected resource contents
[V+R] Iteration 2/2
[VALIDATOR] Running all 8 agents in parallel...
[VALIDATOR] Stripped locked shards (scenarioOptions, workspaceIds)
[VALIDATOR] Running Domain Fidelity Agent...
[VALIDATOR] Running Context Fidelity Agent...
[VALIDATOR] Running Resource Quality Agent...
[VALIDATOR] Skipping minimal main resource at /simulation_flow/2/data/resource (0 chars)
[VALIDATOR] Found 1 main resources, 5 resource options
[VALIDATOR] Running KLO-Question Alignment Agent...
[VALIDATOR] Extracted 3 KLOs
[VALIDATOR] Found 6 questions, 3 KLOs
[VALIDATOR] Running Completeness Agent...
[VALIDATOR] Running KLO-Resource Alignment Agent...
[VALIDATOR] Running Question Solvability Agent...
[VALIDATOR] Running Consistency Agent...
HTTP Request: POST https://api.openai.com/v1/chat/completions "HTTP/1.1 200 OK"
HTTP Request: POST https://api.openai.com/v1/chat/completions "HTTP/1.1 200 OK"
[VALIDATOR] Consistency: 1 company vars, 1 manager vars, 2 issues = 80.0%
HTTP Request: POST https://api.openai.com/v1/chat/completions "HTTP/1.1 200 OK"
[VALIDATOR] KLO-Question: 6 questions, 1 issues = 83.3%
HTTP Request: POST https://api.openai.com/v1/chat/completions "HTTP/1.1 200 OK"
[VALIDATOR] Resource Quality: 1 main, 5 options checked, 2 issues, score=90.0%
[VALIDATOR]   -> Resource option metadata leaks instruction/assessment language that doesn't matc
[VALIDATOR]   -> Resource option metadata includes forbidden/solution-directing phrasing ('recomm
HTTP Request: POST https://api.openai.com/v1/chat/completions "HTTP/1.1 200 OK"
[VALIDATOR] Ignoring structural empty field: scenario_description: empty string (root-level; content exists elsewhere, but this field is empty)
[VALIDATOR] Ignoring structural empty field: workplace_scenario.learner_role_reporting_manager.learner_role.scope_of_work[0].description: present (not empty) — no issue
[VALIDATOR] Completeness: 4 issues, penalty=25%, score=75.0%
HTTP Request: POST https://api.openai.com/v1/chat/completions "HTTP/1.1 200 OK"
HTTP Request: POST https://api.openai.com/v1/chat/completions "HTTP/1.1 200 OK"
[VALIDATOR] KLO-Resource: 3 KLOs, 0 unsupported = 100.0%
HTTP Request: POST https://api.openai.com/v1/chat/completions "HTTP/1.1 200 OK"
[VALIDATOR] Solvability: 5 questions, 0 unsolvable = 100.0%
[VALIDATOR] Overall: 90.67%, Issues: 11, Passed: False
[V+R] Skipping Resource Fixer (already ran once) - 2 issues remain
[V+R] Running generic repair for 9 other issues
[REPAIR] Fixing 9 issues with patches...
[REPAIR] Skipping 0 issues from KLO-Resource Alignment (needs regeneration, not patches)
[REPAIR] Skipping 0 issues from Question Solvability (needs regeneration, not patches)
HTTP Request: POST https://api.openai.com/v1/chat/completions "HTTP/1.1 200 OK"
[REPAIR] Applying 2 auto-generated patches from validators
[REPAIR] Protected 1 resource contents from string patches
[REPAIR] Applied string patch: 'David Chen, Head of Marketing...' -> 'Sarah Jenkins, Head of Marketing...'
[REPAIR] Applied string patch: 'sarah.jenkins@burgerblitz.com...' -> 'david.chen@burgerblitz.com...'
[REPAIR] Applied 2/2 string patches
[REPAIR] Restored 1 protected resource contents
[REPAIR] Applying 5 path-based patches
Some patches have invalid paths: ['/videos/0/video_url: Path does not exist: /videos/0/video_url', '/questions/5/klo: Path does not exist: /questions/5/klo']
No valid patches to apply
[REPAIR] Applied 0/5 path patches
[REPAIR] Failed patch /workspace: /videos/0/video_url: Path does not exist: /videos/0/video_url
[REPAIR] Failed patch /simulation_flow/1/flow_properties/purpose: /questions/5/klo: Path does not exist: /questions/5/klo
[REPAIR] Applying 2 string-based patches
[REPAIR] Protected 1 resource contents from string patches
[REPAIR] Applied string patch: 'Exceptions & Rules: Keep the competitor unnamed (r...' -> 'Exceptions & Rules: You may refer to the competito...'
[REPAIR] Applied string patch: 'Do not invent or change any provided numerical fig...' -> 'Use any provided numerical figures as given; do no...'
[REPAIR] Applied 2/2 string patches
[REPAIR] Restored 1 protected resource contents
[VALIDATOR] Running all 8 agents in parallel...
[VALIDATOR] Stripped locked shards (scenarioOptions, workspaceIds)
[VALIDATOR] Running Domain Fidelity Agent...
[VALIDATOR] Running Context Fidelity Agent...
[VALIDATOR] Running Resource Quality Agent...
[VALIDATOR] Skipping minimal main resource at /simulation_flow/2/data/resource (0 chars)
[VALIDATOR] Found 1 main resources, 5 resource options
[VALIDATOR] Running KLO-Question Alignment Agent...
[VALIDATOR] Extracted 3 KLOs
[VALIDATOR] Found 6 questions, 3 KLOs
[VALIDATOR] Running Consistency Agent...
[VALIDATOR] Running Completeness Agent...
[VALIDATOR] Running KLO-Resource Alignment Agent...
[VALIDATOR] Running Question Solvability Agent...
HTTP Request: POST https://api.openai.com/v1/chat/completions "HTTP/1.1 200 OK"
HTTP Request: POST https://api.openai.com/v1/chat/completions "HTTP/1.1 200 OK"
[VALIDATOR] Consistency: 1 company vars, 2 manager vars, 2 issues = 70.0%
HTTP Request: POST https://api.openai.com/v1/chat/completions "HTTP/1.1 200 OK"
[VALIDATOR] Completeness: 1 issues, penalty=10%, score=90.0%
HTTP Request: POST https://api.openai.com/v1/chat/completions "HTTP/1.1 200 OK"
HTTP Request: POST https://api.openai.com/v1/chat/completions "HTTP/1.1 200 OK"
[VALIDATOR] KLO-Question: 6 questions, 1 issues = 83.3%
HTTP Request: POST https://api.openai.com/v1/chat/completions "HTTP/1.1 200 OK"
[VALIDATOR] Resource Quality: 1 main, 5 options checked, 2 issues, score=90.0%
[VALIDATOR]   -> Resource option metadata leaks instruction-style language that conflicts with th
[VALIDATOR]   -> Resource option metadata includes directive/answer language ('select a recommend
HTTP Request: POST https://api.openai.com/v1/chat/completions "HTTP/1.1 200 OK"
[VALIDATOR] KLO-Resource: 3 KLOs, 0 unsupported = 100.0%
HTTP Request: POST https://api.openai.com/v1/chat/completions "HTTP/1.1 200 OK"
[VALIDATOR] Solvability: 5 questions, 0 unsolvable = 100.0%
[VALIDATOR] Overall: 91.29%, Issues: 8, Passed: False
Validation time: 123.8s
Overall score: 91.29%
Passed: False
Total issues: 8

Agent Results:
  Domain Fidelity: 99.00% [PASS] (1 issues)
  Context Fidelity: 98.00% [PASS] (1 issues)
  Resource Quality: 90.00% [FAIL] (2 issues)
  KLO-Question Alignment: 83.33% [FAIL] (1 issues)
  Consistency: 70.00% [FAIL] (2 issues)
  Completeness: 90.00% [FAIL] (1 issues)
  KLO-Resource Alignment: 100.00% [PASS] (0 issues)
  Question Solvability: 100.00% [PASS] (0 issues)

============================================================
FINAL RESULTS
============================================================
Total time: 205.9s
Input: 87,752 chars
Output: 118,875 chars

Output saved to: simple_adapted_output.json

============================================================
QUICK VALIDATION (unlocked content only)
============================================================
  organic: 1 occurrences [OK]
  T-shirt: 0 occurrences [MISSING]
  sustainable: 11 occurrences [OK]
  Gen Z: 0 occurrences [MISSING]
  fashion: 0 occurrences [MISSING]

Source terms (should be 0):
  Summit Innovations: 0 occurrences [OK]
  Elizabeth Carter: 0 occurrences [OK]
  HR (standalone): 0 occurrences [OK]
  hiring: 0 occurrences [OK]
  candidate: 0 occurrences [OK]
  interview: 0 occurrences [OK]

SUCCESS: No source terms found!
